"blank"				"=========================="
"blank"				"Special commands"
"blank"				"=========================="
"showmenu"			"Team Menu"
"showequip"			"Equipment Menu"
"toggleportrait"		"Toggle Portrait"
"+commandmenu"			"Command Menu"
"blank"				"=========================="
"blank"				"Communication"
"blank"				"=========================="
"messagemode"			"Chat message"
"messagemode2"			"Team message"
"+voicerecord"		        "Activate voice communication"
"blank"				"=========================="
"blank"				"Movement"
"blank"				"=========================="
"+forward"			"Move forward"
"+back"				"Move back"
"+left"				"Turn left"
"+right"			"Turn right"
"+moveleft"			"Move left (strafe)"
"+moveright"			"Move right (strafe)"
"+jump"				"Jump"
"+duck"				"Duck"
"+moveup"			"Swim up"
"+movedown"			"Swim down"
"+speed"            		"Run"
"+sprint"            		"Sprint/Dash"
"blank"				"=========================="
"blank"				"Look"
"blank"				"=========================="
"+lookup"			"Look up"
"+lookdown"			"Look down"
"centerview"			"Look straight ahead"
"+strafe"			"Strafe modifier"
"+mlook"			"Mouse look modifier"
"+klook"			"Keyboard look modifier"
"thirdperson"			"Third person mode"
"firstperson"			"First person mode"
"blank"				"=========================="
"blank"				"Combat"
"blank"				"=========================="
"+attack"			"Fire Primary"
"+attack2"			"Fire Secondary"
"+reload"			"Reload"
"+speed"            		"Run"
"invprev"			"Previous weapon"
"invnext"			"Next weapon"
"lastinv"			"Last used weapon"
"blank"				"=========================="
"blank"				"Miscellaneous"
"blank"				"=========================="
"+use"				"Use (Stargate, DHD, Buttons)"
"dropkey"			"Drop key"
"impulse 100"			"Flash light"
"impulse 201"			"Spray Logo"
"slot1"				"Menu Slot 1"
"slot2"				"Menu Slot 2"
"slot3" 			"Menu Slot 3"
"slot4"				"Menu Slot 4"
"slot5"				"Menu Slot 5"
"slot6"				"Menu Slot 6"
"+showscores"			"Show Scores"
"snapshot"			"Screenshot"
"pause"				"Pause"
"quit"				"Quit"
